#! /usr/local/bin/vvp
:ivl_version "12.0 (stable)";
:ivl_delay_selection "TYPICAL";
:vpi_time_precision - 12;
:vpi_module "/usr/local/lib/ivl/system.vpi";
:vpi_module "/usr/local/lib/ivl/vhdl_sys.vpi";
:vpi_module "/usr/local/lib/ivl/vhdl_textio.vpi";
:vpi_module "/usr/local/lib/ivl/v2005_math.vpi";
:vpi_module "/usr/local/lib/ivl/va_math.vpi";
:vpi_module "/usr/local/lib/ivl/v2009.vpi";
S_0x14d37c30 .scope package, "$unit" "$unit" 2 1;
 .timescale 0 0;
S_0x14d37dc0 .scope module, "fir_filter_tb" "fir_filter_tb" 3 3;
 .timescale -9 -12;
v0x14d4ec00_0 .var "clk", 0 0;
v0x14d4ecc0_0 .var "rst", 0 0;
v0x14d4ed90_0 .var/s "x_in", 7 0;
v0x14d4ee90_0 .net/s "y_out", 15 0, v0x14d4eaa0_0;  1 drivers
S_0x14d10580 .scope module, "uut" "fir_filter" 3 9, 4 1 0, S_0x14d37dc0;
 .timescale 0 0;
    .port_info 0 /INPUT 1 "clk";
    .port_info 1 /INPUT 1 "rst";
    .port_info 2 /INPUT 8 "x_in";
    .port_info 3 /OUTPUT 16 "y_out";
P_0x14d10760 .param/l "h0" 0 4 9, +C4<00000000000000000000000000000001>;
P_0x14d107a0 .param/l "h1" 0 4 10, +C4<00000000000000000000000000000010>;
P_0x14d107e0 .param/l "h2" 0 4 11, +C4<00000000000000000000000000000011>;
P_0x14d10820 .param/l "h3" 0 4 12, +C4<00000000000000000000000000000100>;
v0x14d350e0_0 .net "clk", 0 0, v0x14d4ec00_0;  1 drivers
v0x14d4e520_0 .net "rst", 0 0, v0x14d4ecc0_0;  1 drivers
v0x14d4e5e0_0 .var/s "x0", 7 0;
v0x14d4e6d0_0 .var/s "x1", 7 0;
v0x14d4e7b0_0 .var/s "x2", 7 0;
v0x14d4e8e0_0 .var/s "x3", 7 0;
v0x14d4e9c0_0 .net/s "x_in", 7 0, v0x14d4ed90_0;  1 drivers
v0x14d4eaa0_0 .var/s "y_out", 15 0;
E_0x14cfe430 .event posedge, v0x14d4e520_0, v0x14d350e0_0;
    .scope S_0x14d10580;
T_0 ;
    %wait E_0x14cfe430;
    %load/vec4 v0x14d4e520_0;
    %flag_set/vec4 8;
    %jmp/0xz  T_0.0, 8;
    %pushi/vec4 0, 0, 8;
    %assign/vec4 v0x14d4e5e0_0, 0;
    %pushi/vec4 0, 0, 8;
    %assign/vec4 v0x14d4e6d0_0, 0;
    %pushi/vec4 0, 0, 8;
    %assign/vec4 v0x14d4e7b0_0, 0;
    %pushi/vec4 0, 0, 8;
    %assign/vec4 v0x14d4e8e0_0, 0;
    %pushi/vec4 0, 0, 16;
    %assign/vec4 v0x14d4eaa0_0, 0;
    %jmp T_0.1;
T_0.0 ;
    %load/vec4 v0x14d4e7b0_0;
    %assign/vec4 v0x14d4e8e0_0, 0;
    %load/vec4 v0x14d4e6d0_0;
    %assign/vec4 v0x14d4e7b0_0, 0;
    %load/vec4 v0x14d4e5e0_0;
    %assign/vec4 v0x14d4e6d0_0, 0;
    %load/vec4 v0x14d4e9c0_0;
    %assign/vec4 v0x14d4e5e0_0, 0;
    %load/vec4 v0x14d4e5e0_0;
    %pad/s 32;
    %muli 1, 0, 32;
    %load/vec4 v0x14d4e6d0_0;
    %pad/s 32;
    %muli 2, 0, 32;
    %add;
    %load/vec4 v0x14d4e7b0_0;
    %pad/s 32;
    %muli 3, 0, 32;
    %add;
    %load/vec4 v0x14d4e8e0_0;
    %pad/s 32;
    %muli 4, 0, 32;
    %add;
    %pad/s 16;
    %assign/vec4 v0x14d4eaa0_0, 0;
T_0.1 ;
    %jmp T_0;
    .thread T_0;
    .scope S_0x14d37dc0;
T_1 ;
    %delay 5000, 0;
    %load/vec4 v0x14d4ec00_0;
    %inv;
    %store/vec4 v0x14d4ec00_0, 0, 1;
    %jmp T_1;
    .thread T_1;
    .scope S_0x14d37dc0;
T_2 ;
    %pushi/vec4 0, 0, 1;
    %store/vec4 v0x14d4ec00_0, 0, 1;
    %pushi/vec4 1, 0, 1;
    %store/vec4 v0x14d4ecc0_0, 0, 1;
    %pushi/vec4 0, 0, 8;
    %store/vec4 v0x14d4ed90_0, 0, 8;
    %delay 10000, 0;
    %pushi/vec4 0, 0, 1;
    %store/vec4 v0x14d4ecc0_0, 0, 1;
    %delay 10000, 0;
    %pushi/vec4 1, 0, 8;
    %store/vec4 v0x14d4ed90_0, 0, 8;
    %delay 10000, 0;
    %pushi/vec4 2, 0, 8;
    %store/vec4 v0x14d4ed90_0, 0, 8;
    %delay 10000, 0;
    %pushi/vec4 3, 0, 8;
    %store/vec4 v0x14d4ed90_0, 0, 8;
    %delay 10000, 0;
    %pushi/vec4 4, 0, 8;
    %store/vec4 v0x14d4ed90_0, 0, 8;
    %delay 10000, 0;
    %pushi/vec4 5, 0, 8;
    %store/vec4 v0x14d4ed90_0, 0, 8;
    %delay 10000, 0;
    %pushi/vec4 6, 0, 8;
    %store/vec4 v0x14d4ed90_0, 0, 8;
    %delay 10000, 0;
    %pushi/vec4 7, 0, 8;
    %store/vec4 v0x14d4ed90_0, 0, 8;
    %delay 10000, 0;
    %pushi/vec4 8, 0, 8;
    %store/vec4 v0x14d4ed90_0, 0, 8;
    %delay 50000, 0;
    %vpi_call/w 3 36 "$finish" {0 0 0};
    %end;
    .thread T_2;
    .scope S_0x14d37dc0;
T_3 ;
    %vpi_call/w 3 40 "$monitor", "Time=%0t | Input=%d | Output=%d", $time, v0x14d4ed90_0, v0x14d4ee90_0 {0 0 0};
    %end;
    .thread T_3;
# The file index is used to find the file name in the following table.
:file_names 5;
    "N/A";
    "<interactive>";
    "-";
    "testbench.sv";
    "design.sv";
